== CC-34 build: bundle=O8.14-CC-33-final-bundle.js cover=stego2-cover-1024-scaled.bmp split=on/4000 ==
=== [1] Cover (+ house salt) ===
[+] cover OK 1024x768x24 salt=0x3f72a1ec
=== [2] Payloads (minify -> gzip) ===
[gate] error-path dangle repair: declared 2 name(s): shroud941il,α‍ειι485
[NORM] normalise : /tmp/cc34-norm-in.js (2116388) -> /tmp/cc34-norm-out.js (2116381, -7)
[NORM] edits     : 6  {"ident":4,"dispatch":2}
[NORM]    PASS  no bare `_0xpocketsMissing` left
[NORM]    PASS  no bare `pocketsMissing` left
[NORM]    PASS  no bare `IS_SYMBOL_NATIVE` left
[NORM]    PASS  no `.dispatch` property access left
[NORM]    PASS  runtime string "dispatch" still reachable (escaped form present)
[NORM]    PASS  output re-parses
[NORM] normalise : OK
[SPLIT p1] applied     : 78 candidate(s), 12 skipped (under-run)
[SPLIT p1] delta       : +110950 chars (5.24%)
[SPLIT p1] literal seq : identical (75261 literals, same order) — gate PASS
[SPLIT p1] written     : /tmp/cc34-split-out.js (2227331 chars)
[SPLIT] minReal 2227331 chars after the split (-112433)
[DEEP] [DISSOLVE] 21 of 31 shells dissolved — 878K moved into the flow
[DEEP] [DISSOLVE] refused : async/generator=32K  mid-return=17K  multi-return=63K
[DEEP] [LIFT]     0 declarations lifted — 0K
[DEEP] [LIFT]     refused : free-name-not-at-master=19K  init-not-pure=4K
[DEEP] [GATES]
[DEEP]    PASS  dissolved output re-parses
[DEEP]    PASS  literal multiset identical (dissolution evaluates the same literals)  80467 literals
[DEEP]    PASS  identifier multiset identical (no reference lost or invented)  102068 identifiers
[DEEP]    PASS  lifted output re-parses
[DEEP]    PASS  every lifted name has exactly one declaration  0 names
[DEEP] written    : /tmp/cc34-deep-out.js (2227157 chars, -174)
   [count] (diagnostic, not gated under dissolution) body-count sets differ
[WEAVE] weave     : /tmp/cc34-weave-in.js seed=2648369387
[WEAVE] bodies    : 322 woven of 3788 function bodies (8462 statements)
[WEAVE] moved     : 1495 hoisted functions · 4416 split runs over 29 groups (37 group(s) had no private window, 46 group(s) carry a call/read and stayed put)
[WEAVE] woven mass: 1795739 B = 80.6% of the file changed position
[WEAVE] bytes     : 2227157 -> 2233521 (+6364)
[WEAVE] metric    : longest single-origin run  before 101570 B  after 77132 B
[WEAVE]             worst 10%-window single-origin share  before 0.456  after 0.448
[WEAVE]    PASS  no statement text is dropped or duplicated (content conservation)
[WEAVE]    PASS  output re-parses
[WEAVE]    PASS  the same statements are present (permutation only)
[WEAVE]    PASS  fixed statements and every run group keep their relative order
[WEAVE]    PASS  relocated declarations widen the window without crossing a reachable read (160 relocated)
[WEAVE] weave     : written /tmp/cc34-weave-out.js
[WEAVE] seed=2648369387 (0x9ddae8eb)
[CONSTR] == constraint pass (step 4) on cc34-weave-out.js — 2233521 chars
[CONSTR]    PASS  C1-same-name-decls     3686 function bodies scanned, 0 carry a duplicated declaration name — nothing for an arrangement to reorder
[CONSTR]    PASS  C2-private-windows     8 run group(s) / 25 push statement(s); statements INSIDE a run window that cannot reach a read of it: 11 (placed freely); violations: 0; trailing pushes on the same binding: 0; hoisted declarations dealt inside a run (transparent, expected): 6
[CONSTR]    PASS  C3-registration-order  movable statements executing at their position checked for 21 API names: 0 hit(s)
[CONSTR]    PASS  C4-shared-root-writes  run group(s) whose write shape is not exactly one declaration + pushes: 0
[CONSTR]    PASS  C5-array-content-order 38 binding(s) with >=2 pushes compared pre/post; mismatched: 0
[CONSTR]    movable set: 1885 statement(s) = 1527523 B (68.4% of the file)
[CONSTR]    => PASS — 5/5 checks green; the movable set survives the pass unchanged
[HNT-GREP] re-appended 179 noise strings after terser (+2894 B) from Active/O8.14/CC-33/oto/grep-noise.json
[G8] repinned for minReal: 885502ec,c65fd709,d5816fe4
[WARN] minReal 2236416 != 1626945 (r3, was 1626945)
[WARN] gzReal 1009323 != 743751 (r3)
[+] real: min 2236416 -> gzip 1009323
[+] decoy: min 3066 -> gzip 1658
[WARN] minHoney 1182 != 1184 (r3)
[WARN] gzHoney 726 != 727 (r3)
[+] honey: min 1182 -> gzip 726
[WARN] minTube 2194 != 2196 (r3)
[WARN] gzTube 1189 != 1191 (r3)
[+] tube: min 2194 -> gzip 1189
=== [3] Real embed (carrier=r31) ===
[+] seed=0x6d7f0c87 (canon bits 7)
[+] round-trip OK: real 1009323 B, decoy 1658 B, grain 112390 B (gap 20642 B)
[+] decoy strip keystream seed 52375 from 1024x768x24 (loader recomputes the same)
[+] cover slack 574 B -> strip @628, channel base @99028 (loader + reels recompute from the header)
[+] tail grain reel0: 220908 slots (55227 B equivalent) — 0 payload bytes
[+] tail grain reel1: 220637 slots (55159 B equivalent) — 0 payload bytes
[+] tail grain total: 441545 slots
[+] carrier r31 reel0 (pixel bits 0-1) RS=119670 R_LEN=2239680 need=2018772 slots occ=90.14% headroom=55227 B
[+] carrier r31 reel1 (pixel bits 2-3) RS=119941 R_LEN=2239409 need=2018772 slots occ=90.15% headroom=55159 B
[+] carrier r31 (2-bit x 2 reels) total 4037544 slots, decoy 6652/98400 symbols, grained 112390 B
=== [4] Runner ===
[+] carrier=r31 real reel source stego10-legacyreel-src-v31.js (2817 chars)
[+] reel tables: 7 (real=2817, honey~1951)
[+] board blobs: 8/9/10/11 x 726 codes (uniform courtesy dispatch, DS-1)
[+] tube blob: 1189 codes
[+] loader pins: f74c6976,c463f5f2
[ARM A] deal regenerated in the loader from s=0x252a0e63 — o0..o3 not published (98029 B dropped)
[ARM A] runner carries no o0..o3 map (checked)
[+] line1 variant 0: "var 会員 = 2; var 名 = \"佐藤 結衣\"; console.clear(); "
[+] O8.12-cover.bmp: 2359350 B sha=6050c2b6289792c160659bb9e490b177a1f890cdd7e1bb15437e06d3cc1b4d29
[+] O8.12-runner.js: 3278609 chars sha=7c0eb1fbd3994cadf688dde2cd7a71a7f7f6941ea6058a00378a35da8abb57bc
[✓] Stego-11p build complete: /home/user/Active/O8.15/CC-34/stego-build
== artifacts ==
7c0eb1fbd3994cadf688dde2cd7a71a7f7f6941ea6058a00378a35da8abb57bc  O8.12-runner.js
6050c2b6289792c160659bb9e490b177a1f890cdd7e1bb15437e06d3cc1b4d29  O8.12-cover.bmp
042d097cb422f0f0ce2fc718184335753693cc2a84217b0aa3489b48087ea76d  stego11p-real.min.js
== identity gates ==
   runner            : /home/user/Active/O8.15/CC-34/stego-build/O8.12-runner.js (3278609 chars)
   published deal    : no — regenerated from s=0x252a0e63
   chunks            : 18185
   snapshot          : 2359350 B sha256=6050c2b6289792c160659bb9e490b177a1f890cdd7e1bb15437e06d3cc1b4d29
   STAGED: 2236416 chars sha256=042d097cb422f0f0ce2fc718184335753693cc2a84217b0aa3489b48087ea76d
   STAGED head: "var shroud941il,α‍ειι485;let 花种词461=function(){},shard2274il=fun"
   STAGED dumped -> /home/user/Active/O8.15/CC-34/stego-build/.staged.js
   google* globals: []
   [gate] staged payload == shipped payload (byte-identical)
== runner gates ==
== 26 passed, 0 failed
== 42 passed, 0 failed (1 skipped)
== payload gates ==
== hold check: PASS
== 14 passed, 0 failed
   => PASS
   no URLs attempted
   => PASS — 54 dangling name(s) total, 0 on an ERROR PATH (those are the ones that fire when an unrelated throw happens)
   PASS — the fallback garden and the decoy artifact print the identical output
   note: leakcensus stays a documented red (G3=4) until the D5 normaliser lands — see DECISIONS.md
== done ==
