node:internal/modules/cjs/loader:1210
  throw err;
  ^

Error: Cannot find module '/home/user/tools/chain-a-tests.mjs'
    at Module._resolveFilename (node:internal/modules/cjs/loader:1207:15)
    at Module._load (node:internal/modules/cjs/loader:1038:27)
    at Function.executeUserEntryPoint [as runMain] (node:internal/modules/run_main:164:12)
    at node:internal/main/run_main_module:28:49 {
  code: 'MODULE_NOT_FOUND',
  requireStack: []
}

Node.js v20.20.2
node:internal/modules/cjs/loader:1210
  throw err;
  ^

Error: Cannot find module '/home/user/tools/swift-crash-tests.mjs'
    at Module._resolveFilename (node:internal/modules/cjs/loader:1207:15)
    at Module._load (node:internal/modules/cjs/loader:1038:27)
    at Function.executeUserEntryPoint [as runMain] (node:internal/modules/run_main:164:12)
    at node:internal/main/run_main_module:28:49 {
  code: 'MODULE_NOT_FOUND',
  requireStack: []
}

Node.js v20.20.2
dangling-refs: /home/user/Active/O8.14/CC-33/final-package/O8.14-CC-33-final-bundle.js  (2676.6 KB, 18164 declared, 17173 referenced)
   dangling  _scratch320  x8  line(s) 1,1,1
      …ገChain78- -մՍո908['Quayベスコ1695'],wአልGarden44);}const סתrIdge11=typeof _scratch320!==plumeჴგ1566['d2'](0xa79b75…
   dangling  名  x7  line(s) 1,1,1
      …a75ad)),console['log'](wｅｓchain91['pcache'](0xe9fa75b9)+String(typeof 名===wｅｓchain91['d1'](0xe9fa75d1)?'佐藤 結衣'…
   dangling  _0xk12  x2  line(s) 1,1
      …40'],'YKBL')](wｏｓchain29[ledger820or('TLIL',tundra4779ex['សPlot35'])](_0xk12[warm1894il],0xf0),wｏｓchain29[ｓ‌ｇｙ…
   dangling  DOMException  x2  line(s) 1,1
      …Pocketξψε38(Wordា19['Աշօ858'],Wordា19['Wheel275us'])](Pocketஎதோ11,new DOMException(umber3303il[Schedule7095or(…
   dangling  ኘደደ517  x1  line(s) 1
      …']!==հլ617(lark5648il['Pocketព34'],-'0x16d'))द‌पआ82(lattice3831us,0x8+ኘደደ517*0x2,warm5319[w種語garden26]>>>0x4),…
   dangling  owlтшр80  x1  line(s) 1
      …869'],'NOwp')](pocketητδ37,0x2),0x1),plot3753or[ןוט914(0x118,'n6^b')](owlтшр80[어라venue27],0xf));else{const sch…
   dangling  wศรchain96  x1  line(s) 1
      …],Warm6285or[圃試草Chain19(Owlฟ12['Ψρφζ56'],Owlฟ12['Birch8512us'])])){if(wศรchain96[圃試草Chain19('NBe3','0x185')]>=…
   dangling  pocket3948us  x1  line(s) 1
      …,Owlฟ12['Birch8512us'])])){if(wศรchain96[圃試草Chain19('NBe3','0x185')]>=pocket3948us)return ![];falcon5341il['br…
   dangling  elm8186us  x1  line(s) 1
      …ស្ួ540[Chainረራዘ39(Owlฟ12['Venue4823us'],Owlฟ12['Δή703'])](0xe6098eb2))elm8186us[圃試草Chain19(Owlฟ12['Falconん95']…
   dangling  ridge9654a  x1  line(s) 1
      …lotጨ37'])],pocket999ex[圃試草Chain19(Owlฟ12['Venue5119in'],0x243)](0x100,ridge9654a[Ɯɑnk672(Owlฟ12['Ꮃꭷꭼ62'],-Owlฟ…
   dangling  ꮊ‍ꮀꮋ984  x1  line(s) 1
      …x6af',Ｔｉ866['ՉՏօճ282']),Wራሠመchain59(Ｔｉ866['पLEdger48'],0x67f)))return ꮊ‍ꮀꮋ984(Umber7928il[Նզվ404(0x5c8,Ｔｉ866['…
   dangling  втув812  x1  line(s) 1
      …Lark2288ex[Shroud1561ex('0x51d',Ledgerޟ72['wธLEdger46'])](chunk9398or,втув812)^η‌μ711,0x0),Əæʃ32,Reel8644a;for…
   dangling  w𐍂seed53  x1  line(s) 1
      …chunk9398or,втув812)^η‌μ711,0x0),Əæʃ32,Reel8644a;for(Əæʃ32=0x0;Əæʃ32<(w𐍂seed53&0x7);Əæʃ32++){Reel8644a=Lark22…
   dangling  ן‌שץ646  x1  line(s) 1
      …pキヤウ630[Ꮝꭿ207(Garden8681in['plOt1558or'],'GSzA')]){const Wｖｉｌpocket38=ן‌שץ646[cedar5246or];wꭶꭴꮀplot76[Wｖｉｌpock…
   dangling  lark7243in  x1  line(s) 1
      …t89'])?(tɛʃ739[Plot8188in(0x885,Chain883or['LeDgerπκφ73'])]=wheel5527,lark7243in[Shard8345ex('0x64e','RSPJ')](…
   dangling  falcon6943  x1  line(s) 1
      …](Lark2288ex[Venue5424or('Ui8g',Wordޑާލ60['LaRk7021'])](lattice4734us,falcon6943[chunk8860]^פמו454[Lark2288ex[…
   dangling  cedar7390ex  x1  line(s) 1
      …edger25[ɨæəŋ825>>>0x0],ELm1935in,RIdge‍α22;continue;case'3':ELm1935in=cedar7390ex[SHard6979>>>0x8];continue;ca…
   dangling  டவஏ447  x1  line(s) 1
      …9458a('AW%[',TUndra5316a['Kelpіｃｏｏ1916'])];WऐुPocket51++){WHeel5169a^=டவஏ447[RIdgeჹჩა6557(TUndra5316a['Deltaხ7…
   dangling  ηθγ130  x1  line(s) 1
      …er7317or(WᎩꮋꮀpocket81['Birchіеｙе8830'],-'0xb6')])){const BRineѕср1159=ηθγ130;if(SChedule8671ex[FAlcon2452il('K…
   dangling  groveグ2655  x1  line(s) 1
      …edule8671ex[FAlcon2452il('Kl1J','0x212')](typeof BRineѕср1159[αδχυ27],groveグ2655[UMber7317or(WᎩꮋꮀpocket81['Hol…
   dangling  ή‌ν413  x1  line(s) 1
      …14),'v':WHeel1583il[MOss3716or(0x1c7,'PSey')](venueޝޘ78(),0xffff),'t':ή‌ν413[PLot6796or(WArm4542il['аОх429'],W…
   dangling  ஆridge50  x1  line(s) 1
      …61),WषषGarden63[MOss790il(OWlღუ5327['ศคพฌ823'],OWlღუ5327['նզվ404'])])+ஆridge50,WषषGarden63[SHard1584or('sU(o',…
   dangling  wheel5398a  x1  line(s) 1
      …(typeof SHroud2419ex[QUartz5231ex(CInderіｐρо1682['בכהל905'],'0x40f')],wheel5398a[FAlcon7995us(CInderіｐρо1682['…
   dangling  նյո206  x1  line(s) 1
      …^%s')])&&WषषGarden63[SEedฝสฏ84(CInderіｐρо1682['falcon928in'],'rztC')](նյո206[RIdge다34(-0xa0,CInderіｐρо1682['pr…
   dangling  ꭿꮀꭿꭾ731  x1  line(s) 1
      …ꮝꮂchain38'])](ՆՁ284[MArshჷუო2280(CInderіｐρо1682['քչ126'],0x127)],0x0))ꭿꮀꭿꭾ731[MArshჷუო2280(CInderіｐρо1682['ޚސ1…
   dangling  moss1581or  x1  line(s) 1
      …dgerงปก68'],'2!3$')](QUill2518in[ΖΩρε758('tI*Z','0x444')](umber3717in,moss1581or[QUartz8656ex('4^%s',-FLintヨァゲ…
   dangling  testጨ44  x1  line(s) 1
      …5)),园证汇验405[BIrch2524or('5*qG',FLintヨァゲ3234['Тдве101'])](MOssɩｘｏｃ4547,testጨ44)),ridge2859in[QUillშბქ8723('M2K2…
   dangling  μ‍ωτγ44  x1  line(s) 1
      …911[LAttice7949ex(SHroud8778in['Chunk8860'],0x7eb)][warm3146a],휘마어163=μ‍ωτγ44);}catch(PLumeვ3784){}}(plot3300i…
   => FAIL — 28 undeclared reference(s) would throw ReferenceError at runtime
usage: decoy-parity.mjs <real.min.js> <decoy.min.js> [--name X] [--kaikan 2]
