== CC-33 board — b20 — 2026-09-21T22:10:31Z ==
== bytes ==
   c6ea71ee  O8.12-runner.js
   9fe0c58f  O8.12-cover.bmp
   ddf04c3f  stego11p-real.min.js
   55895e58  stego11p-decoy.min.js
   e5214bf1  O8.14-CC-33-final-bundle.js

[gate --spec     ] 17/17 checks pass
[gate matrix     ] 5 rows at t=5, unlocks 2/2, verbs rejected 3/3; post-window torn down 5/5
[stego matrix    ] 25 passed, 0 failed
[tiers           ] 42 passed, 0 failed (1 skipped
[tiers --debug-name] 42 passed, 1 failed (expect 1 = T2 fail-closed)
[hold-check      ] hold check: PASS (9/9 rows)
[carrier-flip    ] 14 passed, 0 failed
[detector        ] PASS
[netwatch bundle ] network-primitive calls=0 / no URLs attempted
[netwatch payload] network-primitive calls=0 / no URLs attempted
[dangling payload] FAIL — 52 dangling name(s) total, 1 on an ERROR PATH (those are the ones that fire when an unrelated throw happens)
[dangling runner ] clean — every referenced name is declared or a known runtime global
[dangling bundle ] PASS — 28 dangling name(s) total, 0 on an ERROR PATH (those are the ones that fire when an unrelated throw happens)
[decoy-parity k=0] PASS — the fallback garden and the decoy artifact print the identical output
[decoy-parity k=1] PASS — the fallback garden and the decoy artifact print the identical output
[decoy-parity k=2] PASS — the fallback garden and the decoy artifact print the identical output
[leakcensus      ] payload: G3 unexplained vocabulary (5); bundle: 1 clean
[golden trace    ] PASS 25 events 

== board complete — b20 ==
FAIL lines: 4
EXIT=0
